// Jest Snapshot v1, https://goo.gl/fbAQLP

exports[`Tests on <FirstApp /> Must match snapshot 1`] = `
<div>
  <h1
    data-testid="test-title"
  >
    Hola, Soy Goku
  </h1>
  <p>
    No hay subtítulo
  </p>
  <p>
    No hay subtítulo
  </p>
  <p>
    Gabriel Lobo
  </p>
</div>
`;
